---
source: crates/ruff_linter/src/rules/flake8_no_pep420/mod.rs
---
INP001 File `./resources/test/fixtures/flake8_no_pep420/test_fail_nested/foo/bar/baz/__init__.py` declares a package, but is nested under an implicit namespace package. Add an `__init__.py` to `./resources/test/fixtures/flake8_no_pep420/test_fail_nested/foo/bar`.
--> ./resources/test/fixtures/flake8_no_pep420/test_fail_nested/foo/bar/baz/__init__.py:1:1
